=== training exited 2026-10-01 21:20 ===
  ep13 6500/6516 loss 0.713 lr 2.04e-08
epoch 13: AP 0.2200 AP50 0.4941 AP75 0.1669 AP_small 0.0170 mask IoU 0.7252 matched 0.676  [raw AP 0.2241 mask IoU 0.7259] (45.5 min)
done. best AP 0.2229
=== runs/r11_paris_idf/best.pt [model] on v2 test -> runs/r11_paris_idf/score_v2test_best_ema.json  21:20 ===
  "AP50": 0.49614891723302385,
  "AP75": 0.15388390467293642,
  "AP_small": 0.02866966681477639,
  "AP_medium": 0.31379727894037623,
  "AP_large": 0.37750625064602145,
  "AR": 0.34495590167010703,
  "max_dets": 300,
  "n_results": 560800,
  "n_images_scored": 1402,
  "boundary_iou": 0.1786598499180591,
  "matched_mask_iou": 0.7178128642683178,
  "boundary_matched": 13617,
  "boundary_match_rate": 0.6588127146935023,
  "boundary_images": 250,
  "boundary_dilation_px": 2.0,
  "boundary_scale": "object",
  "checkpoint": "runs/r11_paris_idf/best.pt",
  "weights": "model",
  "tta": "none",
  "split": "test",
  "images": 1402
}
=== runs/r11_paris_idf/last.pt [model] on v2 test -> runs/r11_paris_idf/score_v2test_last_ema.json  21:43 ===
  "AP50": 0.4857610645931092,
  "AP75": 0.15266977250808106,
  "AP_small": 0.02493989622633824,
  "AP_medium": 0.31519393499165815,
  "AP_large": 0.376282274171634,
  "AR": 0.34635485081628825,
  "max_dets": 300,
  "n_results": 560800,
  "n_images_scored": 1402,
  "boundary_iou": 0.1813889039757556,
  "matched_mask_iou": 0.719181081956951,
  "boundary_matched": 13604,
  "boundary_match_rate": 0.6581837534471915,
  "boundary_images": 250,
  "boundary_dilation_px": 2.0,
  "boundary_scale": "object",
  "checkpoint": "runs/r11_paris_idf/last.pt",
  "weights": "model",
  "tta": "none",
  "split": "test",
  "images": 1402
}
=== runs/r11_paris_idf/last.pt [raw] on v2 test -> runs/r11_paris_idf/score_v2test_last_raw.json  22:07 ===
  "AP50": 0.48847085212617736,
  "AP75": 0.15454874555336612,
  "AP_small": 0.026013556366230456,
  "AP_medium": 0.31551088992833565,
  "AP_large": 0.37734202129677646,
  "AR": 0.3468005254269094,
  "max_dets": 300,
  "n_results": 560800,
  "n_images_scored": 1402,
  "boundary_iou": 0.1817096655530354,
  "matched_mask_iou": 0.7202950684990888,
  "boundary_matched": 13519,
  "boundary_match_rate": 0.6540713145290048,
  "boundary_images": 250,
  "boundary_dilation_px": 2.0,
  "boundary_scale": "object",
  "checkpoint": "runs/r11_paris_idf/last.pt",
  "weights": "model_raw",
  "tta": "none",
  "split": "test",
  "images": 1402
}
=== all scoring done 2026-10-01 22:30 ===
